  main.cpp
C:\Program Files (x86)\Microsoft DirectX SDK (June 2010)\Include\dxgitype.h(12,9): warning C4005: DXGI_STATUS_OCCLUDED: изменение макроопределения
  (компиляция исходного файла "main.cpp")
      C:\Program Files (x86)\Windows Kits\10\Include\10.0.26100.0\shared\winerror.h(59255,9):
      см. предыдущее определение "DXGI_STATUS_OCCLUDED"
  
C:\Program Files (x86)\Microsoft DirectX SDK (June 2010)\Include\dxgitype.h(13,9): warning C4005: DXGI_STATUS_CLIPPED: изменение макроопределения
  (компиляция исходного файла "main.cpp")
      C:\Program Files (x86)\Windows Kits\10\Include\10.0.26100.0\shared\winerror.h(59264,9):
      см. предыдущее определение "DXGI_STATUS_CLIPPED"
  
C:\Program Files (x86)\Microsoft DirectX SDK (June 2010)\Include\dxgitype.h(14,9): warning C4005: DXGI_STATUS_NO_REDIRECTION: изменение макроопределения
  (компиляция исходного файла "main.cpp")
      C:\Program Files (x86)\Windows Kits\10\Include\10.0.26100.0\shared\winerror.h(59273,9):
      см. предыдущее определение "DXGI_STATUS_NO_REDIRECTION"
  
C:\Program Files (x86)\Microsoft DirectX SDK (June 2010)\Include\dxgitype.h(15,9): warning C4005: DXGI_STATUS_NO_DESKTOP_ACCESS: изменение макроопределения
  (компиляция исходного файла "main.cpp")
      C:\Program Files (x86)\Windows Kits\10\Include\10.0.26100.0\shared\winerror.h(59282,9):
      см. предыдущее определение "DXGI_STATUS_NO_DESKTOP_ACCESS"
  
C:\Program Files (x86)\Microsoft DirectX SDK (June 2010)\Include\dxgitype.h(16,9): warning C4005: DXGI_STATUS_GRAPHICS_VIDPN_SOURCE_IN_USE: изменение макроопределения
  (компиляция исходного файла "main.cpp")
      C:\Program Files (x86)\Windows Kits\10\Include\10.0.26100.0\shared\winerror.h(59291,9):
      см. предыдущее определение "DXGI_STATUS_GRAPHICS_VIDPN_SOURCE_IN_USE"
  
C:\Program Files (x86)\Microsoft DirectX SDK (June 2010)\Include\dxgitype.h(17,9): warning C4005: DXGI_STATUS_MODE_CHANGED: изменение макроопределения
  (компиляция исходного файла "main.cpp")
      C:\Program Files (x86)\Windows Kits\10\Include\10.0.26100.0\shared\winerror.h(59300,9):
      см. предыдущее определение "DXGI_STATUS_MODE_CHANGED"
  
C:\Program Files (x86)\Microsoft DirectX SDK (June 2010)\Include\dxgitype.h(18,9): warning C4005: DXGI_STATUS_MODE_CHANGE_IN_PROGRESS: изменение макроопределения
  (компиляция исходного файла "main.cpp")
      C:\Program Files (x86)\Windows Kits\10\Include\10.0.26100.0\shared\winerror.h(59309,9):
      см. предыдущее определение "DXGI_STATUS_MODE_CHANGE_IN_PROGRESS"
  
C:\Program Files (x86)\Microsoft DirectX SDK (June 2010)\Include\dxgitype.h(21,9): warning C4005: DXGI_ERROR_INVALID_CALL: изменение макроопределения
  (компиляция исходного файла "main.cpp")
      C:\Program Files (x86)\Windows Kits\10\Include\10.0.26100.0\shared\winerror.h(59324,9):
      см. предыдущее определение "DXGI_ERROR_INVALID_CALL"
  
C:\Program Files (x86)\Microsoft DirectX SDK (June 2010)\Include\dxgitype.h(22,9): warning C4005: DXGI_ERROR_NOT_FOUND: изменение макроопределения
  (компиляция исходного файла "main.cpp")
      C:\Program Files (x86)\Windows Kits\10\Include\10.0.26100.0\shared\winerror.h(59333,9):
      см. предыдущее определение "DXGI_ERROR_NOT_FOUND"
  
C:\Program Files (x86)\Microsoft DirectX SDK (June 2010)\Include\dxgitype.h(23,9): warning C4005: DXGI_ERROR_MORE_DATA: изменение макроопределения
  (компиляция исходного файла "main.cpp")
      C:\Program Files (x86)\Windows Kits\10\Include\10.0.26100.0\shared\winerror.h(59342,9):
      см. предыдущее определение "DXGI_ERROR_MORE_DATA"
  
C:\Program Files (x86)\Microsoft DirectX SDK (June 2010)\Include\dxgitype.h(24,9): warning C4005: DXGI_ERROR_UNSUPPORTED: изменение макроопределения
  (компиляция исходного файла "main.cpp")
      C:\Program Files (x86)\Windows Kits\10\Include\10.0.26100.0\shared\winerror.h(59351,9):
      см. предыдущее определение "DXGI_ERROR_UNSUPPORTED"
  
C:\Program Files (x86)\Microsoft DirectX SDK (June 2010)\Include\dxgitype.h(25,9): warning C4005: DXGI_ERROR_DEVICE_REMOVED: изменение макроопределения
  (компиляция исходного файла "main.cpp")
      C:\Program Files (x86)\Windows Kits\10\Include\10.0.26100.0\shared\winerror.h(59360,9):
      см. предыдущее определение "DXGI_ERROR_DEVICE_REMOVED"
  
C:\Program Files (x86)\Microsoft DirectX SDK (June 2010)\Include\dxgitype.h(26,9): warning C4005: DXGI_ERROR_DEVICE_HUNG: изменение макроопределения
  (компиляция исходного файла "main.cpp")
      C:\Program Files (x86)\Windows Kits\10\Include\10.0.26100.0\shared\winerror.h(59369,9):
      см. предыдущее определение "DXGI_ERROR_DEVICE_HUNG"
  
C:\Program Files (x86)\Microsoft DirectX SDK (June 2010)\Include\dxgitype.h(27,9): warning C4005: DXGI_ERROR_DEVICE_RESET: изменение макроопределения
  (компиляция исходного файла "main.cpp")
      C:\Program Files (x86)\Windows Kits\10\Include\10.0.26100.0\shared\winerror.h(59379,9):
      см. предыдущее определение "DXGI_ERROR_DEVICE_RESET"
  
C:\Program Files (x86)\Microsoft DirectX SDK (June 2010)\Include\dxgitype.h(28,9): warning C4005: DXGI_ERROR_WAS_STILL_DRAWING: изменение макроопределения
  (компиляция исходного файла "main.cpp")
      C:\Program Files (x86)\Windows Kits\10\Include\10.0.26100.0\shared\winerror.h(59388,9):
      см. предыдущее определение "DXGI_ERROR_WAS_STILL_DRAWING"
  
C:\Program Files (x86)\Microsoft DirectX SDK (June 2010)\Include\dxgitype.h(29,9): warning C4005: DXGI_ERROR_FRAME_STATISTICS_DISJOINT: изменение макроопределения
  (компиляция исходного файла "main.cpp")
      C:\Program Files (x86)\Windows Kits\10\Include\10.0.26100.0\shared\winerror.h(59398,9):
      см. предыдущее определение "DXGI_ERROR_FRAME_STATISTICS_DISJOINT"
  
C:\Program Files (x86)\Microsoft DirectX SDK (June 2010)\Include\dxgitype.h(30,9): warning C4005: DXGI_ERROR_GRAPHICS_VIDPN_SOURCE_IN_USE: изменение макроопределения
  (компиляция исходного файла "main.cpp")
      C:\Program Files (x86)\Windows Kits\10\Include\10.0.26100.0\shared\winerror.h(59407,9):
      см. предыдущее определение "DXGI_ERROR_GRAPHICS_VIDPN_SOURCE_IN_USE"
  
C:\Program Files (x86)\Microsoft DirectX SDK (June 2010)\Include\dxgitype.h(31,9): warning C4005: DXGI_ERROR_DRIVER_INTERNAL_ERROR: изменение макроопределения
  (компиляция исходного файла "main.cpp")
      C:\Program Files (x86)\Windows Kits\10\Include\10.0.26100.0\shared\winerror.h(59417,9):
      см. предыдущее определение "DXGI_ERROR_DRIVER_INTERNAL_ERROR"
  
C:\Program Files (x86)\Microsoft DirectX SDK (June 2010)\Include\dxgitype.h(32,9): warning C4005: DXGI_ERROR_NONEXCLUSIVE: изменение макроопределения
  (компиляция исходного файла "main.cpp")
      C:\Program Files (x86)\Windows Kits\10\Include\10.0.26100.0\shared\winerror.h(59426,9):
      см. предыдущее определение "DXGI_ERROR_NONEXCLUSIVE"
  
C:\Program Files (x86)\Microsoft DirectX SDK (June 2010)\Include\dxgitype.h(33,9): warning C4005: DXGI_ERROR_NOT_CURRENTLY_AVAILABLE: изменение макроопределения
  (компиляция исходного файла "main.cpp")
      C:\Program Files (x86)\Windows Kits\10\Include\10.0.26100.0\shared\winerror.h(59435,9):
      см. предыдущее определение "DXGI_ERROR_NOT_CURRENTLY_AVAILABLE"
  
C:\Program Files (x86)\Microsoft DirectX SDK (June 2010)\Include\dxgitype.h(34,9): warning C4005: DXGI_ERROR_REMOTE_CLIENT_DISCONNECTED: изменение макроопределения
  (компиляция исходного файла "main.cpp")
      C:\Program Files (x86)\Windows Kits\10\Include\10.0.26100.0\shared\winerror.h(59445,9):
      см. предыдущее определение "DXGI_ERROR_REMOTE_CLIENT_DISCONNECTED"
  
C:\Program Files (x86)\Microsoft DirectX SDK (June 2010)\Include\dxgitype.h(35,9): warning C4005: DXGI_ERROR_REMOTE_OUTOFMEMORY: изменение макроопределения
  (компиляция исходного файла "main.cpp")
      C:\Program Files (x86)\Windows Kits\10\Include\10.0.26100.0\shared\winerror.h(59454,9):
      см. предыдущее определение "DXGI_ERROR_REMOTE_OUTOFMEMORY"
  
C:\Program Files (x86)\Microsoft DirectX SDK (June 2010)\Include\d3d11.h(917,9): warning C4005: D3D11_ERROR_TOO_MANY_UNIQUE_STATE_OBJECTS: изменение макроопределения
  (компиляция исходного файла "main.cpp")
      C:\Program Files (x86)\Windows Kits\10\Include\10.0.26100.0\shared\winerror.h(59769,9):
      см. предыдущее определение "D3D11_ERROR_TOO_MANY_UNIQUE_STATE_OBJECTS"
  
C:\Program Files (x86)\Microsoft DirectX SDK (June 2010)\Include\d3d11.h(918,9): warning C4005: D3D11_ERROR_FILE_NOT_FOUND: изменение макроопределения
  (компиляция исходного файла "main.cpp")
      C:\Program Files (x86)\Windows Kits\10\Include\10.0.26100.0\shared\winerror.h(59778,9):
      см. предыдущее определение "D3D11_ERROR_FILE_NOT_FOUND"
  
C:\Program Files (x86)\Microsoft DirectX SDK (June 2010)\Include\d3d11.h(919,9): warning C4005: D3D11_ERROR_TOO_MANY_UNIQUE_VIEW_OBJECTS: изменение макроопределения
  (компиляция исходного файла "main.cpp")
      C:\Program Files (x86)\Windows Kits\10\Include\10.0.26100.0\shared\winerror.h(59788,9):
      см. предыдущее определение "D3D11_ERROR_TOO_MANY_UNIQUE_VIEW_OBJECTS"
  
C:\Program Files (x86)\Microsoft DirectX SDK (June 2010)\Include\d3d11.h(920,9): warning C4005: D3D11_ERROR_DEFERRED_CONTEXT_MAP_WITHOUT_INITIAL_DISCARD: изменение макроопределения
  (компиляция исходного файла "main.cpp")
      C:\Program Files (x86)\Windows Kits\10\Include\10.0.26100.0\shared\winerror.h(59797,9):
      см. предыдущее определение "D3D11_ERROR_DEFERRED_CONTEXT_MAP_WITHOUT_INITIAL_DISCARD"
  
C:\Program Files (x86)\Microsoft DirectX SDK (June 2010)\Include\d3d10.h(608,9): warning C4005: D3D10_ERROR_TOO_MANY_UNIQUE_STATE_OBJECTS: изменение макроопределения
  (компиляция исходного файла "main.cpp")
      C:\Program Files (x86)\Windows Kits\10\Include\10.0.26100.0\shared\winerror.h(59745,9):
      см. предыдущее определение "D3D10_ERROR_TOO_MANY_UNIQUE_STATE_OBJECTS"
  
C:\Program Files (x86)\Microsoft DirectX SDK (June 2010)\Include\d3d10.h(609,9): warning C4005: D3D10_ERROR_FILE_NOT_FOUND: изменение макроопределения
  (компиляция исходного файла "main.cpp")
      C:\Program Files (x86)\Windows Kits\10\Include\10.0.26100.0\shared\winerror.h(59754,9):
      см. предыдущее определение "D3D10_ERROR_FILE_NOT_FOUND"
  
  ImGui DirectX 11 Kiero Hook.vcxproj -> C:\Users\rapira\Desktop\pasta\x64\Debug\ImGui DirectX 11 Kiero Hook.dll
