d:\sc2menu\imgui directx 11 kiero hook\x64\release\vc143.pdb
c:\$recycle.bin\s-1-5-21-2062490059-2300870085-4242247418-1001\$iq2b9yw
c:\$recycle.bin\s-1-5-21-2062490059-2300870085-4242247418-1001\$iah3q0h
c:\$recycle.bin\s-1-5-21-2062490059-2300870085-4242247418-1001\$ikpmmnz
c:\$recycle.bin\s-1-5-21-2062490059-2300870085-4242247418-1001\$i0vn8fl
c:\$recycle.bin\s-1-5-21-2062490059-2300870085-4242247418-1001\$iibqrtn
c:\$recycle.bin\s-1-5-21-2062490059-2300870085-4242247418-1001\$ifbl24o
c:\$recycle.bin\s-1-5-21-2062490059-2300870085-4242247418-1001\$irdacr3
c:\$recycle.bin\s-1-5-21-2062490059-2300870085-4242247418-1001\$ilfl505
d:\sc2menu\imgui directx 11 kiero hook\x64\release\main.obj
c:\$recycle.bin\s-1-5-21-2062490059-2300870085-4242247418-1001\$ig7j3qg
c:\$recycle.bin\s-1-5-21-2062490059-2300870085-4242247418-1001\$izirdsp
c:\$recycle.bin\s-1-5-21-2062490059-2300870085-4242247418-1001\$i84wmuw
c:\$recycle.bin\s-1-5-21-2062490059-2300870085-4242247418-1001\$iwiwkq4
c:\$recycle.bin\s-1-5-21-2062490059-2300870085-4242247418-1001\$i278olv
d:\sc2menu\imgui directx 11 kiero hook\x64\release\kiero.obj
c:\$recycle.bin\s-1-5-21-2062490059-2300870085-4242247418-1001\$idvd4ur
c:\$recycle.bin\s-1-5-21-2062490059-2300870085-4242247418-1001\$iyyxwvw
c:\$recycle.bin\s-1-5-21-2062490059-2300870085-4242247418-1001\$izfi5sp
c:\$recycle.bin\s-1-5-21-2062490059-2300870085-4242247418-1001\$io23jly
c:\$recycle.bin\s-1-5-21-2062490059-2300870085-4242247418-1001\$iy386js
d:\sc2menu\imgui directx 11 kiero hook\x64\release\imgui_widgets.obj
c:\$recycle.bin\s-1-5-21-2062490059-2300870085-4242247418-1001\$izlslip
c:\$recycle.bin\s-1-5-21-2062490059-2300870085-4242247418-1001\$iyag62m
c:\$recycle.bin\s-1-5-21-2062490059-2300870085-4242247418-1001\$ijcqeky
c:\$recycle.bin\s-1-5-21-2062490059-2300870085-4242247418-1001\$ihhthj0
c:\$recycle.bin\s-1-5-21-2062490059-2300870085-4242247418-1001\$iwmv4b0
d:\sc2menu\imgui directx 11 kiero hook\x64\release\imgui_impl_win32.obj
c:\$recycle.bin\s-1-5-21-2062490059-2300870085-4242247418-1001\$imy5i3z
c:\$recycle.bin\s-1-5-21-2062490059-2300870085-4242247418-1001\$isv3l9u
c:\$recycle.bin\s-1-5-21-2062490059-2300870085-4242247418-1001\$idhhx0o
c:\$recycle.bin\s-1-5-21-2062490059-2300870085-4242247418-1001\$i3n4d6g
c:\$recycle.bin\s-1-5-21-2062490059-2300870085-4242247418-1001\$izxjm7j
d:\sc2menu\imgui directx 11 kiero hook\x64\release\imgui_impl_dx11.obj
c:\$recycle.bin\s-1-5-21-2062490059-2300870085-4242247418-1001\$iyi3lae
c:\$recycle.bin\s-1-5-21-2062490059-2300870085-4242247418-1001\$ib1qlmq
c:\$recycle.bin\s-1-5-21-2062490059-2300870085-4242247418-1001\$i5k7y66
c:\$recycle.bin\s-1-5-21-2062490059-2300870085-4242247418-1001\$iifstb5
c:\$recycle.bin\s-1-5-21-2062490059-2300870085-4242247418-1001\$im6nom7
d:\sc2menu\imgui directx 11 kiero hook\x64\release\imgui_draw.obj
c:\$recycle.bin\s-1-5-21-2062490059-2300870085-4242247418-1001\$infx110
c:\$recycle.bin\s-1-5-21-2062490059-2300870085-4242247418-1001\$i4mt1j5
c:\$recycle.bin\s-1-5-21-2062490059-2300870085-4242247418-1001\$ign76nf
c:\$recycle.bin\s-1-5-21-2062490059-2300870085-4242247418-1001\$it68rre
c:\$recycle.bin\s-1-5-21-2062490059-2300870085-4242247418-1001\$iiqpgmx
d:\sc2menu\imgui directx 11 kiero hook\x64\release\imgui_demo.obj
c:\$recycle.bin\s-1-5-21-2062490059-2300870085-4242247418-1001\$i9sv205
c:\$recycle.bin\s-1-5-21-2062490059-2300870085-4242247418-1001\$ippf87e
c:\$recycle.bin\s-1-5-21-2062490059-2300870085-4242247418-1001\$iqj546w
c:\$recycle.bin\s-1-5-21-2062490059-2300870085-4242247418-1001\$ixpzxng
c:\$recycle.bin\s-1-5-21-2062490059-2300870085-4242247418-1001\$imlb8z4
d:\sc2menu\imgui directx 11 kiero hook\x64\release\imgui.obj
c:\$recycle.bin\s-1-5-21-2062490059-2300870085-4242247418-1001\$i1gcp6k
c:\$recycle.bin\s-1-5-21-2062490059-2300870085-4242247418-1001\$iuyrhh8
c:\$recycle.bin\s-1-5-21-2062490059-2300870085-4242247418-1001\$iwnn7xn
c:\$recycle.bin\s-1-5-21-2062490059-2300870085-4242247418-1001\$iwnze94
c:\$recycle.bin\s-1-5-21-2062490059-2300870085-4242247418-1001\$ib267ju
c:\$recycle.bin\s-1-5-21-2062490059-2300870085-4242247418-1001\$i9rwcow
c:\$recycle.bin\s-1-5-21-2062490059-2300870085-4242247418-1001\$icbmz8z
c:\$recycle.bin\s-1-5-21-2062490059-2300870085-4242247418-1001\$ijcixuk
c:\$recycle.bin\s-1-5-21-2062490059-2300870085-4242247418-1001\$itkl63u
c:\$recycle.bin\s-1-5-21-2062490059-2300870085-4242247418-1001\$ir42vm2
d:\sc2menu\imgui directx 11 kiero hook\x64\release\trampoline.obj
c:\$recycle.bin\s-1-5-21-2062490059-2300870085-4242247418-1001\$i01joqh
c:\$recycle.bin\s-1-5-21-2062490059-2300870085-4242247418-1001\$i0zy1g4
c:\$recycle.bin\s-1-5-21-2062490059-2300870085-4242247418-1001\$irnio4s
c:\$recycle.bin\s-1-5-21-2062490059-2300870085-4242247418-1001\$ia3jbq8
c:\$recycle.bin\s-1-5-21-2062490059-2300870085-4242247418-1001\$i3sdwy2
d:\sc2menu\imgui directx 11 kiero hook\x64\release\hook.obj
c:\$recycle.bin\s-1-5-21-2062490059-2300870085-4242247418-1001\$imue9dh
c:\$recycle.bin\s-1-5-21-2062490059-2300870085-4242247418-1001\$it25ky2
c:\$recycle.bin\s-1-5-21-2062490059-2300870085-4242247418-1001\$itnujx3
c:\$recycle.bin\s-1-5-21-2062490059-2300870085-4242247418-1001\$iuybbev
c:\$recycle.bin\s-1-5-21-2062490059-2300870085-4242247418-1001\$iyf11ln
d:\sc2menu\imgui directx 11 kiero hook\x64\release\hde64.obj
c:\$recycle.bin\s-1-5-21-2062490059-2300870085-4242247418-1001\$ivzvu25
c:\$recycle.bin\s-1-5-21-2062490059-2300870085-4242247418-1001\$iwxhpuw
c:\$recycle.bin\s-1-5-21-2062490059-2300870085-4242247418-1001\$iyhobf0
c:\$recycle.bin\s-1-5-21-2062490059-2300870085-4242247418-1001\$imjkya3
c:\$recycle.bin\s-1-5-21-2062490059-2300870085-4242247418-1001\$iyl7fdy
d:\sc2menu\imgui directx 11 kiero hook\x64\release\hde32.obj
c:\$recycle.bin\s-1-5-21-2062490059-2300870085-4242247418-1001\$ijp2smu
c:\$recycle.bin\s-1-5-21-2062490059-2300870085-4242247418-1001\$ibhs48i
c:\$recycle.bin\s-1-5-21-2062490059-2300870085-4242247418-1001\$iji29mm
c:\$recycle.bin\s-1-5-21-2062490059-2300870085-4242247418-1001\$ie1gumm
c:\$recycle.bin\s-1-5-21-2062490059-2300870085-4242247418-1001\$iqb9o6i
d:\sc2menu\imgui directx 11 kiero hook\x64\release\buffer.obj
c:\$recycle.bin\s-1-5-21-2062490059-2300870085-4242247418-1001\$i6sm5q6
c:\$recycle.bin\s-1-5-21-2062490059-2300870085-4242247418-1001\$icsbpta
c:\$recycle.bin\s-1-5-21-2062490059-2300870085-4242247418-1001\$iira7q6
c:\$recycle.bin\s-1-5-21-2062490059-2300870085-4242247418-1001\$imd4ds8
c:\$recycle.bin\s-1-5-21-2062490059-2300870085-4242247418-1001\$iinengm
d:\sc2menu\x64\release\imgui directx 11 kiero hook.dll
d:\sc2menu\x64\release\imgui directx 11 kiero hook.pdb
c:\$recycle.bin\s-1-5-21-2062490059-2300870085-4242247418-1001\$ijgtcxa.tmp
c:\$recycle.bin\s-1-5-21-2062490059-2300870085-4242247418-1001\$i0iucjn.tmp
c:\$recycle.bin\s-1-5-21-2062490059-2300870085-4242247418-1001\$ilxy1bg.tmp
c:\$recycle.bin\s-1-5-21-2062490059-2300870085-4242247418-1001\$ioxo1kj.tmp
c:\$recycle.bin\s-1-5-21-2062490059-2300870085-4242247418-1001\$icps8vk.tmp
c:\$recycle.bin\s-1-5-21-2062490059-2300870085-4242247418-1001\$i7kavkc
c:\$recycle.bin\s-1-5-21-2062490059-2300870085-4242247418-1001\$igitlmg
d:\sc2menu\imgui directx 11 kiero hook\x64\release\minhook.res
d:\$recycle.bin\s-1-5-21-2062490059-2300870085-4242247418-1001\$i0jjsr5
d:\$recycle.bin\s-1-5-21-2062490059-2300870085-4242247418-1001\$iocbdw0
d:\sc2menu\imgui directx 11 kiero hook\x64\release\imgui directx 11 kiero hook.ipdb
d:\sc2menu\imgui directx 11 kiero hook\x64\release\imgui directx 11 kiero hook.iobj
d:\sc2menu\imgui directx 11 kiero hook\x64\release\imgui di.04b17470.tlog\cl.command.1.tlog
d:\sc2menu\imgui directx 11 kiero hook\x64\release\imgui di.04b17470.tlog\cl.items.tlog
d:\sc2menu\imgui directx 11 kiero hook\x64\release\imgui di.04b17470.tlog\cl.read.1.tlog
d:\sc2menu\imgui directx 11 kiero hook\x64\release\imgui di.04b17470.tlog\cl.write.1.tlog
d:\sc2menu\imgui directx 11 kiero hook\x64\release\imgui di.04b17470.tlog\link.command.1.tlog
d:\sc2menu\imgui directx 11 kiero hook\x64\release\imgui di.04b17470.tlog\link.read.1.tlog
d:\sc2menu\imgui directx 11 kiero hook\x64\release\imgui di.04b17470.tlog\link.secondary.1.tlog
d:\sc2menu\imgui directx 11 kiero hook\x64\release\imgui di.04b17470.tlog\link.write.1.tlog
d:\sc2menu\imgui directx 11 kiero hook\x64\release\imgui di.04b17470.tlog\rc.command.1.tlog
d:\sc2menu\imgui directx 11 kiero hook\x64\release\imgui di.04b17470.tlog\rc.read.1.tlog
d:\sc2menu\imgui directx 11 kiero hook\x64\release\imgui di.04b17470.tlog\rc.write.1.tlog
